// Jest Snapshot v1, https://goo.gl/fbAQLP

exports[`Board should render correctly in "debug" mode 1`] = `
<div
  style={
    Object {
      "height": 500,
      "overflow": "scroll",
      "width": 600,
    }
  }
>
  <svg
    style={
      Object {
        "backgroundColor": "#eeeeee",
        "height": 1000,
        "width": 1000,
      }
    }
  >
    <defs>
      <marker
        fill="#2b580c"
        id="arrow"
        markerHeight="6"
        markerWidth="6"
        orient="auto-start-reverse"
        refX="5"
        refY="5"
        viewBox="0 0 10 10"
      >
        <marker
          fill="#2b580c"
          id="arrow"
          markerHeight="6"
          markerWidth="6"
          orient="auto-start-reverse"
          refX="5"
          refY="5"
          viewBox="0 0 10 10"
        />
        <path
          d="M 0 0 L 10 5 L 0 10 z"
        />
      </marker>
    </defs>
    <Stock
      highlight={false}
      key="a"
      stock={
        Object {
          "dependencies": Array [
            "a",
            "f",
          ],
          "equation": "-f",
          "id": "a",
          "initValue": 100,
          "posX": 57,
          "posY": 242,
          "value": 0,
        }
      }
    />
    <Stock
      highlight={false}
      key="b"
      stock={
        Object {
          "dependencies": Array [
            "b",
            "f",
          ],
          "equation": "+f",
          "id": "b",
          "initValue": 0,
          "posX": 288,
          "posY": 245,
          "value": 0,
        }
      }
    />
    <_default
      flowText="f"
      from={
        Object {
          "x": 82,
          "y": 267,
        }
      }
      key="f"
      to={
        Object {
          "x": 313,
          "y": 270,
        }
      }
    />
    <_default
      from={
        Object {
          "x": 82,
          "y": 267,
        }
      }
      key="f"
      markerId="arrow"
      to={
        Object {
          "x": 313,
          "y": 270,
        }
      }
    />
    <_default
      from={
        Object {
          "x": 107,
          "y": 242,
        }
      }
      key="af"
      markerId="arrow"
      to={
        Object {
          "x": 197.5,
          "y": 268.5,
        }
      }
    />
  </svg>
</div>
`;
